MSBuild version 18.0.5+e22287bf1 for .NET Framework

  Automatic MOC and UIC for target GOLEventsPro
  main.cpp
  MainWindow.cpp
C:\Users\kawka\.gemini\antigravity\scratch\app_cpp_conversion\src\MainWindow.h(108,1): error C1020: unexpected #endif [C:\Users\kawka\.gemini\antigravity\scratch\app_cpp_conversion\build\GOLEventsPro.vcxproj]
  (compiling source file '../src/main.cpp')
  
C:\Users\kawka\.gemini\antigravity\scratch\app_cpp_conversion\src\MainWindow.h(108,1): error C1020: unexpected #endif [C:\Users\kawka\.gemini\antigravity\scratch\app_cpp_conversion\build\GOLEventsPro.vcxproj]
  (compiling source file '../src/MainWindow.cpp')
  
  AuthManager.cpp
C:\Users\kawka\.gemini\antigravity\scratch\app_cpp_conversion\src\AuthManager.cpp(273,41): error C2039: 'CustomRequestAttribute': is not a member of 'QNetworkRequest' [C:\Users\kawka\.gemini\antigravity\scratch\app_cpp_conversion\build\GOLEventsPro.vcxproj]
      C:\Users\kawka\.gemini\antigravity\scratch\app_cpp_conversion\build\vcpkg_installed\x64-windows\include\Qt6\QtNetwork\qnetworkrequest.h(26,24):
      see declaration of 'QNetworkRequest'
  
C:\Users\kawka\.gemini\antigravity\scratch\app_cpp_conversion\src\AuthManager.cpp(273,41): error C2065: 'CustomRequestAttribute': undeclared identifier [C:\Users\kawka\.gemini\antigravity\scratch\app_cpp_conversion\build\GOLEventsPro.vcxproj]
  AdminPanel.cpp
C:\Users\kawka\.gemini\antigravity\scratch\app_cpp_conversion\src\AdminPanel.cpp(27,29): error C2027: use of undefined type 'QLabel' [C:\Users\kawka\.gemini\antigravity\scratch\app_cpp_conversion\build\GOLEventsPro.vcxproj]
      C:\Users\kawka\.gemini\antigravity\scratch\app_cpp_conversion\build\vcpkg_installed\x64-windows\include\Qt6\QtWidgets\qmessagebox.h(16,7):
      see declaration of 'QLabel'
  
C:\Users\kawka\.gemini\antigravity\scratch\app_cpp_conversion\src\AdminPanel.cpp(28,3): error C2027: use of undefined type 'QLabel' [C:\Users\kawka\.gemini\antigravity\scratch\app_cpp_conversion\build\GOLEventsPro.vcxproj]
      C:\Users\kawka\.gemini\antigravity\scratch\app_cpp_conversion\build\vcpkg_installed\x64-windows\include\Qt6\QtWidgets\qmessagebox.h(16,7):
      see declaration of 'QLabel'
  
C:\Users\kawka\.gemini\antigravity\scratch\app_cpp_conversion\src\AdminPanel.cpp(40,17): error C2664: 'void QBoxLayout::addWidget(QWidget *,int,Qt::Alignment)': cannot convert argument 1 from 'QLabel *' to 'QWidget *' [C:\Users\kawka\.gemini\antigravity\scratch\app_cpp_conversion\build\GOLEventsPro.vcxproj]
      C:\Users\kawka\.gemini\antigravity\scratch\app_cpp_conversion\src\AdminPanel.cpp(40,27):
      Types pointed to are unrelated; conversion requires reinterpret_cast, C-style cast or parenthesized function-style cast
      C:\Users\kawka\.gemini\antigravity\scratch\app_cpp_conversion\build\vcpkg_installed\x64-windows\include\Qt6\QtWidgets\qboxlayout.h(38,10):
      see declaration of 'QBoxLayout::addWidget'
      C:\Users\kawka\.gemini\antigravity\scratch\app_cpp_conversion\src\AdminPanel.cpp(40,17):
      while trying to match the argument list '(QLabel *)'
  
  mocs_compilation_Release.cpp
C:\Users\kawka\.gemini\antigravity\scratch\app_cpp_conversion\src\MainWindow.h(108,1): error C1020: unexpected #endif [C:\Users\kawka\.gemini\antigravity\scratch\app_cpp_conversion\build\GOLEventsPro.vcxproj]
  (compiling source file 'GOLEventsPro_autogen/mocs_compilation_Release.cpp')
  
  Generating Code...
